// Jest Snapshot v1, https://goo.gl/fbAQLP

exports[`ATOMS: Render testing Should render Countdown 1`] = `
<div>
  <div
    className="sc-AxhCb fzQUN"
  >
    <p
      className="sc-AxhUy blACGn"
    >
      Start at
    </p>
    <div
      className="sc-AxirZ hqRJJG"
    >
      <div
        className="sc-AxjAm crHSQi"
      />
      <p
        className="sc-AxiKw dPBvyy"
      >
        0
      </p>
    </div>
    <p
      className="sc-AxhUy blACGn"
    >
      d
    </p>
    <div
      className="sc-AxirZ hqRJJG"
    >
      <div
        className="sc-AxjAm crHSQi"
      />
      <p
        className="sc-AxiKw dPBvyy"
      >
        0
      </p>
    </div>
    <p
      className="sc-AxhUy blACGn"
    >
      h
    </p>
    <div
      className="sc-AxirZ hqRJJG"
    >
      <div
        className="sc-AxjAm crHSQi"
      />
      <p
        className="sc-AxiKw dPBvyy"
      >
        0
      </p>
    </div>
    <p
      className="sc-AxhUy blACGn"
    >
      m
    </p>
    <div
      className="sc-AxirZ hqRJJG"
    >
      <div
        className="sc-AxjAm crHSQi"
      />
      <p
        className="sc-AxiKw dPBvyy"
      >
        0
      </p>
    </div>
    <p
      className="sc-AxhUy blACGn"
    >
      s
    </p>
  </div>
</div>
`;

exports[`ATOMS: Render testing Should render Hr 1`] = `
<div>
  <div
    className="sc-AxhCb fzQUN"
  >
    <p
      className="sc-AxhUy blACGn"
    >
      Start at
    </p>
    <div
      className="sc-AxirZ hqRJJG"
    >
      <div
        className="sc-AxjAm crHSQi"
      />
      <p
        className="sc-AxiKw dPBvyy"
      >
        0
      </p>
    </div>
    <p
      className="sc-AxhUy blACGn"
    >
      d
    </p>
    <div
      className="sc-AxirZ hqRJJG"
    >
      <div
        className="sc-AxjAm crHSQi"
      />
      <p
        className="sc-AxiKw dPBvyy"
      >
        0
      </p>
    </div>
    <p
      className="sc-AxhUy blACGn"
    >
      h
    </p>
    <div
      className="sc-AxirZ hqRJJG"
    >
      <div
        className="sc-AxjAm crHSQi"
      />
      <p
        className="sc-AxiKw dPBvyy"
      >
        0
      </p>
    </div>
    <p
      className="sc-AxhUy blACGn"
    >
      m
    </p>
    <div
      className="sc-AxirZ hqRJJG"
    >
      <div
        className="sc-AxjAm crHSQi"
      />
      <p
        className="sc-AxiKw dPBvyy"
      >
        0
      </p>
    </div>
    <p
      className="sc-AxhUy blACGn"
    >
      s
    </p>
  </div>
</div>
`;

exports[`MOLECULES: Render testing Should render Countdown 1`] = `
<div>
  <div
    className="sc-AxhCb fzQUN"
  >
    <p
      className="sc-AxhUy blACGn"
    >
      Start at
    </p>
    <div
      className="sc-AxirZ hqRJJG"
    >
      <div
        className="sc-AxjAm crHSQi"
      />
      <p
        className="sc-AxiKw dPBvyy"
      >
        0
      </p>
    </div>
    <p
      className="sc-AxhUy blACGn"
    >
      d
    </p>
    <div
      className="sc-AxirZ hqRJJG"
    >
      <div
        className="sc-AxjAm crHSQi"
      />
      <p
        className="sc-AxiKw dPBvyy"
      >
        0
      </p>
    </div>
    <p
      className="sc-AxhUy blACGn"
    >
      h
    </p>
    <div
      className="sc-AxirZ hqRJJG"
    >
      <div
        className="sc-AxjAm crHSQi"
      />
      <p
        className="sc-AxiKw dPBvyy"
      >
        0
      </p>
    </div>
    <p
      className="sc-AxhUy blACGn"
    >
      m
    </p>
    <div
      className="sc-AxirZ hqRJJG"
    >
      <div
        className="sc-AxjAm crHSQi"
      />
      <p
        className="sc-AxiKw dPBvyy"
      >
        0
      </p>
    </div>
    <p
      className="sc-AxhUy blACGn"
    >
      s
    </p>
  </div>
</div>
`;
