// Jest Snapshot v1, https://goo.gl/fbAQLP

exports[`ATOMS: Render testing Should render Hr 1`] = `
<div>
  <div
    className="sc-AxiKw gIfVsQ"
  >
    <p
      className="sc-AxjAm iSHejg"
      color="#f9cb11"
      size="medium"
    >
      Share this Tournament
    </p>
    <div
      className="sc-AxhCb gewXQy"
    >
      <img
        className="sc-AxirZ kOBdo"
        src="twitter.svg"
      />
      <img
        className="sc-AxirZ kOBdo"
        src="facebook.svg"
      />
    </div>
  </div>
</div>
`;

exports[`ATOMS: Render testing Should render Social 1`] = `
<div>
  <div
    className="sc-AxiKw gIfVsQ"
  >
    <p
      className="sc-AxjAm iSHejg"
      color="#f9cb11"
      size="medium"
    >
      Share this Tournament
    </p>
    <div
      className="sc-AxhCb gewXQy"
    >
      <img
        className="sc-AxirZ kOBdo"
        src="twitter.svg"
      />
      <img
        className="sc-AxirZ kOBdo"
        src="facebook.svg"
      />
    </div>
  </div>
</div>
`;

exports[`MOLECULES: Render testing Should render Social 1`] = `
<div>
  <div
    className="sc-AxiKw gIfVsQ"
  >
    <p
      className="sc-AxjAm iSHejg"
      color="#f9cb11"
      size="medium"
    >
      Share this Tournament
    </p>
    <div
      className="sc-AxhCb gewXQy"
    >
      <img
        className="sc-AxirZ kOBdo"
        src="twitter.svg"
      />
      <img
        className="sc-AxirZ kOBdo"
        src="facebook.svg"
      />
    </div>
  </div>
</div>
`;
